// Jest Snapshot v1, https://goo.gl/fbAQLP

exports[`matches snapshot 1`] = `
<div
  data-testid={2}
>
  <h1
    className="line-through"
  >
    eat
  </h1>
</div>
`;
